// Jest Snapshot v1, https://goo.gl/fbAQLP

exports[`<ToggleSwitch> Snapshots With custom \`className\` 1`] = `
<div
  className="ys-toggle-switch pterosaur"
>
  <input
    className="ys-toggle-switch__control ys-u-visuallyhidden"
    defaultChecked={false}
    id="toggle-switch-1"
    onChange={[MockFunction]}
    type="checkbox"
  />
  <label
    className="ys-toggle-switch__label"
    htmlFor="toggle-switch-1"
  >
    Toggle flying reptiles
  </label>
</div>
`;
